[1mLoc[0m
[1;31mError[0m
[1;35mWarning[0m
[1;34mKwd[0m
[1;33mId[0m
[1;32mPrompt[0m
[3mHint[0m
[2mDetails[0m
[32mOk[0m
[4;96mDebug[0m
[1;32mSuccess[0m
[1;31mAnsi_styles[0m
[3;35mItalic_Magenta[0m
[38;5;42mFg_8bit[0m
[38;2;255;128;0mFg_24bit[0m
[1;37;48;2;0;0;128mBold_White_on_Bg24bit[0m
Original_sexp
Original_dyn
[3mItalic_[4;31mUnderRed[0;3m_Italic[0m
